[zion-demo.squarespace.com/index8576.html]
[backblue.gif]
[fade.gif]
[index.html]
[zion-demo.squarespace.com/index.html]
[use.typekit.net/ik/6uuFEJUTxN5YZmKPHq2vs4fUc57RIIEprF0oEh9nuFMfeC9gfFHN4UJLFRbh52jhWDmRZQmyF2ZR52SkZAwaw2M3wQj3wAscjyTxHKoDSWmyScmDSeBRZPoRdhXCHKoE-AN0OAs8dAv0SaBujW48Sagyjh90jhNlOeUzjhBC-eNDifUDS]
[assets.squarespace.com/universal/scripts-compressed/cldr-resource-pack-7d6dc599f0e9e5882dcca-min.en-US.js]
[assets.squarespace.com/universal/scripts-compressed/moment-js-vendor-26ddeab7fa5f90b6c8cb3-min.en-US.js]
[assets.squarespace.com/universal/styles-compressed/signup-506cf5747cd7a76969673-min.en-US.css]
[assets.squarespace.com/universal/scripts-compressed/performance-a7b609eccb65e08a74111-min.en-US.js]
[assets.squarespace.com/universal/scripts-compressed/error-reporter-c70a1e45b6c7ac91d0f02-min.en-US.js]
[static1.squarespace.com/static/sitecss/5ce5a46c872ec70001601dfb/181/5c5a519771c10ba3470d8101/5ce5a46c872ec70001601e11/1042-05142015/1570221984015/site.css]
[zion-demo.squarespace.com/cart.html]
[assets.squarespace.com/universal/scripts-compressed/common-vendors-4b3d27b83ea00c61a3718-min.en-US.js]
[zion-demo.squarespace.com/about.html]
[zion-demo.squarespace.com/contact.html]
[zion-demo.squarespace.com/work/67f45e26-9b6f-4358-92d8-01f3c4091410-a2tbn.html]
[zion-demo.squarespace.com/work/67f45e26-9b6f-4358-92d8-01f3c4091410-xsyhr.html]
[zion-demo.squarespace.com/work/67f45e26-9b6f-4358-92d8-01f3c4091410-nga8p.html]
[zion-demo.squarespace.com/index8576.html]
[static1.squarespace.com/static/ta/5c5a514d65019f01a2cb2be5/1042/scripts/site-common.js]
[zion-demo.squarespace.com/index.html]
[assets.squarespace.com/universal/scripts-compressed/common-5e7c4cdd61e077a7d1b86-min.en-US.js]
[static1.squarespace.com/static/ta/5c5a514d65019f01a2cb2be5/1042/scripts/site-bundle.js]
[assets.squarespace.com/universal/scripts-compressed/signup-1495f8e9938fd46258760-min.en-US.js]
[assets.squarespace.com/universal/images-v6/icons/icon-close-8-light.png]
[assets.squarespace.com/universal/styles-compressed/signup-506cf5747cd7a76969673-min.en-US.css]
[assets.squarespace.com/universal/images-v6/icons/icon-closethin-15-light.png]
[assets.squarespace.com/universal/images-v6/damask/error-dark.png]
[assets.squarespace.com/universal/images-v6/damask/error-dark@2x.png]
[assets.squarespace.com/universal/images-v6/damask/play-button.png]
[assets.squarespace.com/universal/images-v6/damask/play-button@2x.png]
[assets.squarespace.com/universal/images-v6/damask/edit-aviary-light.png]
[assets.squarespace.com/universal/images-v6/damask/edit-aviary-light@2x.png]
[assets.squarespace.com/universal/images-v6/damask/edit-info-light.png]
[assets.squarespace.com/universal/images-v6/damask/edit-info-light@2x.png]
[assets.squarespace.com/universal/images-v6/damask/trash-9-light.png]
[assets.squarespace.com/universal/images-v6/damask/trash-9-light@2x.png]
[assets.squarespace.com/universal/images-v6/damask/trash-9-red.png]
[assets.squarespace.com/universal/images-v6/damask/trash-9-red@2x.png]
[assets.squarespace.com/universal/images-v6/damask/getty-16-light.png]
[assets.squarespace.com/universal/images-v6/damask/getty-32-light.png]
[assets.squarespace.com/universal/images-v6/damask/shopping-cart-16-light.png]
[assets.squarespace.com/universal/images-v6/damask/shopping-cart-32-light.png]
[static1.squarespace.com/universal/images-v6/icons/block-indicator-dark.png]
[static1.squarespace.com/universal/images-v6/icons/block-indicator-dark@2x.png]
[static1.squarespace.com/universal/images-v6/icons/opentable-icons.png]
[static1.squarespace.com/universal/images-v6/icons/icon-searchqueries-20-dark.png]
[static1.squarespace.com/universal/images-v6/icons/icon-searchqueries-20-light.png]
[assets.squarespace.com/universal/images-v6/icons/icon-video-24-light-solid.png]
[assets.squarespace.com/universal/images-v6/standard/icon_close_7_light.png]
[assets.squarespace.com/universal/images-v6/icons/icon-settings-16-light.png]
[static1.squarespace.com/static/sitecss/5ce5a46c872ec70001601dfb/181/5c5a519771c10ba3470d8101/5ce5a46c872ec70001601e11/1042-05142015/1570221984015/site.css]
[assets.squarespace.com/universal/scripts-compressed/error-reporter-7fe0ec9eb10339770ef6c-min.en-US.js]
[assets.squarespace.com/universal/scripts-compressed/common-3cb8d39b770e08df49516-min.en-US.js]
[zion-demo.squarespace.com/cart.html]
[zion-demo.squarespace.com/about.html]
[zion-demo.squarespace.com/contact.html]
[images.squarespace-cdn.com/content/5ce5a46c872ec70001601dfb/1562696937827-XOWC3SMKNN51QGPL23FR/ABASI-ROSBOROUGH-LANDFALL-5-copy43a3.jpg]
[assets.squarespace.com/universal/scripts-compressed/signup-1194e77fd2964857b9318-min.en-US.js]
[zion-demo.squarespace.com/work/67f45e26-9b6f-4358-92d8-01f3c4091410-a2tbn.html]
[images.squarespace-cdn.com/content/5ce5a46c872ec70001601dfb/1562696951315-K5RB9XZ052DTM4MK8A3D/windswept014+copy43a3.jpg]
[zion-demo.squarespace.com/work/67f45e26-9b6f-4358-92d8-01f3c4091410-xsyhr.html]
[images.squarespace-cdn.com/content/5ce5a46c872ec70001601dfb/1562696987852-5689WREOMLNSLFZNTWLS/01_Pho_265_01-copy43a3.jpg]
[assets.squarespace.com/universal/scripts-compressed/commerce-cart-9dcae9217255670fd10c5-min.en-US.js]
[zion-demo.squarespace.com/work/67f45e26-9b6f-4358-92d8-01f3c4091410-nga8p.html]
[assets.squarespace.com/universal/scripts-compressed/commerce-checkout-a1d61b87a695f5786e216-min.en-US.js]
